No GPU on this node, CUDA module not loaded
=== Serial ===
=== Fully parallel ===
=== Chunked parallel ===

------------------------------------------------------------
Sender: LSF System <lsfadmin@hpc.dtu.dk>
Subject: Job 28393101: <pi-job-script> in cluster <dcc> Done

Job <pi-job-script> was submitted from host <n-62-30-3> by user <s211048> in cluster <dcc> at Fri May  8 16:47:49 2026
Job was executed on host(s) <10*n-62-28-27>, in queue <hpc>, as user <s211048> in cluster <dcc> at Fri May  8 16:47:51 2026
</zhome/1a/2/161189> was used as the home directory.
</zhome/1a/2/161189/VSCodeProjects/02613-python-and-hpc/week_5_6_parallelism_part_1_2/pi-job-script> was used as the working directory.
Started at Fri May  8 16:47:51 2026
Terminated at Fri May  8 16:48:42 2026
Results reported at Fri May  8 16:48:42 2026

Your job looked like:

------------------------------------------------------------
# LSBATCH: User input
#! /bin/bash
#BSUB -J pi-job-script
#BSUB -q hpc
#BSUB -W 5
#BSUB -n 10
#BSUB -R "rusage[mem=512MB]"
#BSUB -R "select[model == XeonE5_2660v3]"
#BSUB -R "span[hosts=1]"
#BSUB -o pi-job-script_%J.out
#BSUB -e pi-job-script_%J.err

source /dtu/projects/02613_2025/conda/conda_init.sh
conda activate 02613_2026

echo "=== Serial ==="
time python -u pi_fully_serial.py

echo "=== Fully parallel ==="
time python -u pi_fully_parallel.py

echo "=== Chunked parallel ==="
time python -u pi_chunked_parallel.py

------------------------------------------------------------

Successfully completed.

Resource usage summary:

    CPU time :                                   99.82 sec.
    Max Memory :                                 1664 MB
    Average Memory :                             1664.00 MB
    Total Requested Memory :                     5120.00 MB
    Delta Memory :                               3456.00 MB
    Max Swap :                                   -
    Max Processes :                              14
    Max Threads :                                18
    Run time :                                   51 sec.
    Turnaround time :                            53 sec.

The output (if any) is above this job summary.



PS:

Read file <pi-job-script_28393101.err> for stderr output of this job.

