No GPU on this node, CUDA module not loaded
Matrix shape: (4096, 4096), dtype: float64
Repetitions: 1000
2 * mat[:, 0]  (column): 67.77 µs  (best of 5 runs)
2 * mat[0, :]  (row):    3.03 µs  (best of 5 runs)
Ratio col/row: 22.40x

------------------------------------------------------------
Sender: LSF System <lsfadmin@hpc.dtu.dk>
Subject: Job 28380032: <blosc-job-script> in cluster <dcc> Done

Job <blosc-job-script> was submitted from host <n-62-9-41> by user <s211048> in cluster <dcc> at Thu May  7 01:04:54 2026
Job was executed on host(s) <n-62-11-63>, in queue <hpc>, as user <s211048> in cluster <dcc> at Thu May  7 01:04:55 2026
</zhome/1a/2/161189> was used as the home directory.
</zhome/1a/2/161189/VSCodeProjects/02613-python-and-hpc/week_3_memory_hierarchy/blosc-job-script> was used as the working directory.
Started at Thu May  7 01:04:55 2026
Terminated at Thu May  7 01:04:57 2026
Results reported at Thu May  7 01:04:57 2026

Your job looked like:

------------------------------------------------------------
# LSBATCH: User input
#! /bin/bash
#BSUB -J blosc-job-script
#BSUB -q hpc
#BSUB -W 5
#BSUB -R "rusage[mem=512MB]"
#BSUB -R "select[model == XeonGold6226R]"
#BSUB -n 1
#BSUB -o blosc-job-script_%J.out
#BSUB -e blosc-job-script_%J.err

source /dtu/projects/02613_2025/conda/conda_init.sh
conda activate 02613_2026

python -u blosc-job.py

------------------------------------------------------------

Successfully completed.

Resource usage summary:

    CPU time :                                   1.72 sec.
    Max Memory :                                 -
    Average Memory :                             -
    Total Requested Memory :                     512.00 MB
    Delta Memory :                               -
    Max Swap :                                   -
    Max Processes :                              -
    Max Threads :                                -
    Run time :                                   2 sec.
    Turnaround time :                            3 sec.

The output (if any) is above this job summary.



PS:

Read file <blosc-job-script_28380032.err> for stderr output of this job.

